**********************
Windows PowerShell 脚本开始
开始时间: 20260513141254
用户名: Chun\26947
RunAs 用户: Chun\26947
配置名称: 
计算机: CHUN (Microsoft Windows NT 10.0.26200.0)
主机应用程序: C:\Windows\System32\WindowsPowerShell\v1.0\powershell.exe -NoLogo -NoProfile -ExecutionPolicy Bypass -NoExit -Command Set-Location 'E:\game\BERP\backend'
$env:PYTHONUTF8 = '1'
Start-Transcript -Path 'E:\game\BERP\orchestrator\.local-runtime\logs\backend.log' -Force | Out-Null
try {
 Invoke-Expression @'
$env:PYTHONPATH='.'; & 'E:\game\BERP\.venv-local310\Scripts\python.exe' -m uvicorn app.main:app --host 0.0.0.0 --port 8000
'@
} finally {
 Stop-Transcript | Out-Null
}
进程 ID: 11576
PSVersion: 5.1.26100.8457
PSEdition: Desktop
PSCompatibleVersions: 1.0, 2.0, 3.0, 4.0, 5.0, 5.1.26100.8457
BuildVersion: 10.0.26100.8457
CLRVersion: 4.0.30319.42000
WSManStackVersion: 3.0
PSRemotingProtocolVersion: 2.3
SerializationVersion: 1.1.0.1
**********************
